Archive member included to satisfy reference by file (symbol)

/Applications/STM32CubeIDE.app/Contents/Eclipse/plugins/com.st.stm32cube.ide.mcu.externaltools.gnu-tools-for-stm32.7-2018-q2-update.macos64_1.5.0.202011040924/tools/bin/../lib/gcc/arm-none-eabi/7.3.1/../../../../arm-none-eabi/lib/thumb/v7e-m/fpv4-sp/hard/libc_nano.a(lib_a-errno.o)
                              Core/Src/syscalls.o (__errno)
/Applications/STM32CubeIDE.app/Contents/Eclipse/plugins/com.st.stm32cube.ide.mcu.externaltools.gnu-tools-for-stm32.7-2018-q2-update.macos64_1.5.0.202011040924/tools/bin/../lib/gcc/arm-none-eabi/7.3.1/../../../../arm-none-eabi/lib/thumb/v7e-m/fpv4-sp/hard/libc_nano.a(lib_a-exit.o)
                              /Applications/STM32CubeIDE.app/Contents/Eclipse/plugins/com.st.stm32cube.ide.mcu.externaltools.gnu-tools-for-stm32.7-2018-q2-update.macos64_1.5.0.202011040924/tools/bin/../lib/gcc/arm-none-eabi/7.3.1/../../../../arm-none-eabi/lib/thumb/v7e-m/fpv4-sp/hard/crt0.o (exit)
/Applications/STM32CubeIDE.app/Contents/Eclipse/plugins/com.st.stm32cube.ide.mcu.externaltools.gnu-tools-for-stm32.7-2018-q2-update.macos64_1.5.0.202011040924/tools/bin/../lib/gcc/arm-none-eabi/7.3.1/../../../../arm-none-eabi/lib/thumb/v7e-m/fpv4-sp/hard/libc_nano.a(lib_a-impure.o)
                              /Applications/STM32CubeIDE.app/Contents/Eclipse/plugins/com.st.stm32cube.ide.mcu.externaltools.gnu-tools-for-stm32.7-2018-q2-update.macos64_1.5.0.202011040924/tools/bin/../lib/gcc/arm-none-eabi/7.3.1/../../../../arm-none-eabi/lib/thumb/v7e-m/fpv4-sp/hard/libc_nano.a(lib_a-exit.o) (_global_impure_ptr)
/Applications/STM32CubeIDE.app/Contents/Eclipse/plugins/com.st.stm32cube.ide.mcu.externaltools.gnu-tools-for-stm32.7-2018-q2-update.macos64_1.5.0.202011040924/tools/bin/../lib/gcc/arm-none-eabi/7.3.1/../../../../arm-none-eabi/lib/thumb/v7e-m/fpv4-sp/hard/libc_nano.a(lib_a-init.o)
                              /Applications/STM32CubeIDE.app/Contents/Eclipse/plugins/com.st.stm32cube.ide.mcu.externaltools.gnu-tools-for-stm32.7-2018-q2-update.macos64_1.5.0.202011040924/tools/bin/../lib/gcc/arm-none-eabi/7.3.1/../../../../arm-none-eabi/lib/thumb/v7e-m/fpv4-sp/hard/crt0.o (__libc_init_array)
/Applications/STM32CubeIDE.app/Contents/Eclipse/plugins/com.st.stm32cube.ide.mcu.externaltools.gnu-tools-for-stm32.7-2018-q2-update.macos64_1.5.0.202011040924/tools/bin/../lib/gcc/arm-none-eabi/7.3.1/../../../../arm-none-eabi/lib/thumb/v7e-m/fpv4-sp/hard/libc_nano.a(lib_a-memset.o)
                              /Applications/STM32CubeIDE.app/Contents/Eclipse/plugins/com.st.stm32cube.ide.mcu.externaltools.gnu-tools-for-stm32.7-2018-q2-update.macos64_1.5.0.202011040924/tools/bin/../lib/gcc/arm-none-eabi/7.3.1/../../../../arm-none-eabi/lib/thumb/v7e-m/fpv4-sp/hard/crt0.o (memset)
/Applications/STM32CubeIDE.app/Contents/Eclipse/plugins/com.st.stm32cube.ide.mcu.externaltools.gnu-tools-for-stm32.7-2018-q2-update.macos64_1.5.0.202011040924/tools/bin/../lib/gcc/arm-none-eabi/7.3.1/thumb/v7e-m/fpv4-sp/hard/libgcc.a(_aeabi_uldivmod.o)
                              Drivers/STM32F4xx_HAL_Driver/Src/stm32f4xx_hal_rcc.o (__aeabi_uldivmod)
/Applications/STM32CubeIDE.app/Contents/Eclipse/plugins/com.st.stm32cube.ide.mcu.externaltools.gnu-tools-for-stm32.7-2018-q2-update.macos64_1.5.0.202011040924/tools/bin/../lib/gcc/arm-none-eabi/7.3.1/thumb/v7e-m/fpv4-sp/hard/libgcc.a(_udivmoddi4.o)
                              /Applications/STM32CubeIDE.app/Contents/Eclipse/plugins/com.st.stm32cube.ide.mcu.externaltools.gnu-tools-for-stm32.7-2018-q2-update.macos64_1.5.0.202011040924/tools/bin/../lib/gcc/arm-none-eabi/7.3.1/thumb/v7e-m/fpv4-sp/hard/libgcc.a(_aeabi_uldivmod.o) (__udivmoddi4)
/Applications/STM32CubeIDE.app/Contents/Eclipse/plugins/com.st.stm32cube.ide.mcu.externaltools.gnu-tools-for-stm32.7-2018-q2-update.macos64_1.5.0.202011040924/tools/bin/../lib/gcc/arm-none-eabi/7.3.1/thumb/v7e-m/fpv4-sp/hard/libgcc.a(_dvmd_tls.o)
                              /Applications/STM32CubeIDE.app/Contents/Eclipse/plugins/com.st.stm32cube.ide.mcu.externaltools.gnu-tools-for-stm32.7-2018-q2-update.macos64_1.5.0.202011040924/tools/bin/../lib/gcc/arm-none-eabi/7.3.1/thumb/v7e-m/fpv4-sp/hard/libgcc.a(_aeabi_uldivmod.o) (__aeabi_ldiv0)

Allocating common symbols
Common symbol       size              file

uwTick              0x4               Drivers/STM32F4xx_HAL_Driver/Src/stm32f4xx_hal.o
pFlash              0x20              Drivers/STM32F4xx_HAL_Driver/Src/stm32f4xx_hal_flash.o

Discarded input sections

 .text          0x0000000000000000        0x0 /Applications/STM32CubeIDE.app/Contents/Eclipse/plugins/com.st.stm32cube.ide.mcu.externaltools.gnu-tools-for-stm32.7-2018-q2-update.macos64_1.5.0.202011040924/tools/bin/../lib/gcc/arm-none-eabi/7.3.1/thumb/v7e-m/fpv4-sp/hard/crti.o
[...]
Memory Configuration

Name             Origin             Length             Attributes
CCMRAM           0x0000000010000000 0x0000000000010000 xrw
RAM              0x0000000020000000 0x0000000000030000 xrw
FLASH            0x0000000008000000 0x0000000000200000 xr
*default*        0x0000000000000000 0xffffffffffffffff

Linker script and memory map

LOAD /Applications/STM32CubeIDE.app/Contents/Eclipse/plugins/com.st.stm32cube.ide.mcu.externaltools.gnu-tools-for-stm32.7-2018-q2-update.macos64_1.5.0.202011040924/tools/bin/../lib/gcc/arm-none-eabi/7.3.1/thumb/v7e-m/fpv4-sp/hard/crti.o
LOAD /Applications/STM32CubeIDE.app/Contents/Eclipse/plugins/com.st.stm32cube.ide.mcu.externaltools.gnu-tools-for-stm32.7-2018-q2-update.macos64_1.5.0.202011040924/tools/bin/../lib/gcc/arm-none-eabi/7.3.1/thumb/v7e-m/fpv4-sp/hard/crtbegin.o
LOAD /Applications/STM32CubeIDE.app/Contents/Eclipse/plugins/com.st.stm32cube.ide.mcu.externaltools.gnu-tools-for-stm32.7-2018-q2-update.macos64_1.5.0.202011040924/tools/bin/../lib/gcc/arm-none-eabi/7.3.1/../../../../arm-none-eabi/lib/thumb/v7e-m/fpv4-sp/hard/crt0.o
LOAD Core/Src/SysTick.o
LOAD Core/Src/dma.o
LOAD Core/Src/exti.o
LOAD Core/Src/main.o
LOAD Core/Src/memcpy.o
LOAD Core/Src/nvic.o
LOAD Core/Src/stm32f4xx_hal_msp.o
LOAD Core/Src/stm32f4xx_it.o
LOAD Core/Src/syscalls.o
LOAD Core/Src/sysmem.o
LOAD Core/Src/system_stm32f4xx.o
LOAD Core/Startup/startup_stm32f429zitx.o
LOAD Drivers/STM32F4xx_HAL_Driver/Src/stm32f4xx_hal.o
LOAD Drivers/STM32F4xx_HAL_Driver/Src/stm32f4xx_hal_cortex.o
LOAD Drivers/STM32F4xx_HAL_Driver/Src/stm32f4xx_hal_dma.o
LOAD Drivers/STM32F4xx_HAL_Driver/Src/stm32f4xx_hal_dma_ex.o
LOAD Drivers/STM32F4xx_HAL_Driver/Src/stm32f4xx_hal_exti.o
LOAD Drivers/STM32F4xx_HAL_Driver/Src/stm32f4xx_hal_flash.o
LOAD Drivers/STM32F4xx_HAL_Driver/Src/stm32f4xx_hal_flash_ex.o
LOAD Drivers/STM32F4xx_HAL_Driver/Src/stm32f4xx_hal_flash_ramfunc.o
LOAD Drivers/STM32F4xx_HAL_Driver/Src/stm32f4xx_hal_gpio.o
LOAD Drivers/STM32F4xx_HAL_Driver/Src/stm32f4xx_hal_pwr.o
LOAD Drivers/STM32F4xx_HAL_Driver/Src/stm32f4xx_hal_pwr_ex.o
LOAD Drivers/STM32F4xx_HAL_Driver/Src/stm32f4xx_hal_rcc.o
LOAD Drivers/STM32F4xx_HAL_Driver/Src/stm32f4xx_hal_rcc_ex.o
LOAD Drivers/STM32F4xx_HAL_Driver/Src/stm32f4xx_hal_tim.o
LOAD Drivers/STM32F4xx_HAL_Driver/Src/stm32f4xx_hal_tim_ex.o
START GROUP
LOAD /Applications/STM32CubeIDE.app/Contents/Eclipse/plugins/com.st.stm32cube.ide.mcu.externaltools.gnu-tools-for-stm32.7-2018-q2-update.macos64_1.5.0.202011040924/tools/bin/../lib/gcc/arm-none-eabi/7.3.1/../../../../arm-none-eabi/lib/thumb/v7e-m/fpv4-sp/hard/libc_nano.a
LOAD /Applications/STM32CubeIDE.app/Contents/Eclipse/plugins/com.st.stm32cube.ide.mcu.externaltools.gnu-tools-for-stm32.7-2018-q2-update.macos64_1.5.0.202011040924/tools/bin/../lib/gcc/arm-none-eabi/7.3.1/../../../../arm-none-eabi/lib/thumb/v7e-m/fpv4-sp/hard/libm.a
END GROUP
START GROUP
LOAD /Applications/STM32CubeIDE.app/Contents/Eclipse/plugins/com.st.stm32cube.ide.mcu.externaltools.gnu-tools-for-stm32.7-2018-q2-update.macos64_1.5.0.202011040924/tools/bin/../lib/gcc/arm-none-eabi/7.3.1/thumb/v7e-m/fpv4-sp/hard/libgcc.a
LOAD /Applications/STM32CubeIDE.app/Contents/Eclipse/plugins/com.st.stm32cube.ide.mcu.externaltools.gnu-tools-for-stm32.7-2018-q2-update.macos64_1.5.0.202011040924/tools/bin/../lib/gcc/arm-none-eabi/7.3.1/../../../../arm-none-eabi/lib/thumb/v7e-m/fpv4-sp/hard/libc_nano.a
END GROUP
START GROUP
LOAD /Applications/STM32CubeIDE.app/Contents/Eclipse/plugins/com.st.stm32cube.ide.mcu.externaltools.gnu-tools-for-stm32.7-2018-q2-update.macos64_1.5.0.202011040924/tools/bin/../lib/gcc/arm-none-eabi/7.3.1/thumb/v7e-m/fpv4-sp/hard/libgcc.a
LOAD /Applications/STM32CubeIDE.app/Contents/Eclipse/plugins/com.st.stm32cube.ide.mcu.externaltools.gnu-tools-for-stm32.7-2018-q2-update.macos64_1.5.0.202011040924/tools/bin/../lib/gcc/arm-none-eabi/7.3.1/../../../../arm-none-eabi/lib/thumb/v7e-m/fpv4-sp/hard/libc_nano.a
LOAD /Applications/STM32CubeIDE.app/Contents/Eclipse/plugins/com.st.stm32cube.ide.mcu.externaltools.gnu-tools-for-stm32.7-2018-q2-update.macos64_1.5.0.202011040924/tools/bin/../lib/gcc/arm-none-eabi/7.3.1/../../../../arm-none-eabi/lib/thumb/v7e-m/fpv4-sp/hard/libnosys.a
END GROUP
START GROUP
LOAD /Applications/STM32CubeIDE.app/Contents/Eclipse/plugins/com.st.stm32cube.ide.mcu.externaltools.gnu-tools-for-stm32.7-2018-q2-update.macos64_1.5.0.202011040924/tools/bin/../lib/gcc/arm-none-eabi/7.3.1/thumb/v7e-m/fpv4-sp/hard/libgcc.a
LOAD /Applications/STM32CubeIDE.app/Contents/Eclipse/plugins/com.st.stm32cube.ide.mcu.externaltools.gnu-tools-for-stm32.7-2018-q2-update.macos64_1.5.0.202011040924/tools/bin/../lib/gcc/arm-none-eabi/7.3.1/../../../../arm-none-eabi/lib/thumb/v7e-m/fpv4-sp/hard/libc_nano.a
LOAD /Applications/STM32CubeIDE.app/Contents/Eclipse/plugins/com.st.stm32cube.ide.mcu.externaltools.gnu-tools-for-stm32.7-2018-q2-update.macos64_1.5.0.202011040924/tools/bin/../lib/gcc/arm-none-eabi/7.3.1/../../../../arm-none-eabi/lib/thumb/v7e-m/fpv4-sp/hard/libnosys.a
END GROUP
LOAD /Applications/STM32CubeIDE.app/Contents/Eclipse/plugins/com.st.stm32cube.ide.mcu.externaltools.gnu-tools-for-stm32.7-2018-q2-update.macos64_1.5.0.202011040924/tools/bin/../lib/gcc/arm-none-eabi/7.3.1/thumb/v7e-m/fpv4-sp/hard/crtend.o
LOAD /Applications/STM32CubeIDE.app/Contents/Eclipse/plugins/com.st.stm32cube.ide.mcu.externaltools.gnu-tools-for-stm32.7-2018-q2-update.macos64_1.5.0.202011040924/tools/bin/../lib/gcc/arm-none-eabi/7.3.1/thumb/v7e-m/fpv4-sp/hard/crtn.o
                0x0000000020030000                _estack = (ORIGIN (RAM) + LENGTH (RAM))
                0x0000000000000200                _Min_Heap_Size = 0x200
                0x0000000000000400                _Min_Stack_Size = 0x400

.isr_vector     0x0000000008000000      0x1ac
                0x0000000008000000                . = ALIGN (0x4)
 *(.isr_vector)
 .isr_vector    0x0000000008000000      0x1ac Core/Startup/startup_stm32f429zitx.o
                0x0000000008000000                g_pfnVectors
                0x00000000080001ac                . = ALIGN (0x4)

.text           0x00000000080001ac     0x13e4
                0x00000000080001ac                . = ALIGN (0x4)
 *(.text)
 .text          0x00000000080001ac       0x40 /Applications/STM32CubeIDE.app/Contents/Eclipse/plugins/com.st.stm32cube.ide.mcu.externaltools.gnu-tools-for-stm32.7-2018-q2-update.macos64_1.5.0.202011040924/tools/bin/../lib/gcc/arm-none-eabi/7.3.1/thumb/v7e-m/fpv4-sp/hard/crtbegin.o
 .text          0x00000000080001ec       0x30 /Applications/STM32CubeIDE.app/Contents/Eclipse/plugins/com.st.stm32cube.ide.mcu.externaltools.gnu-tools-for-stm32.7-2018-q2-update.macos64_1.5.0.202011040924/tools/bin/../lib/gcc/arm-none-eabi/7.3.1/thumb/v7e-m/fpv4-sp/hard/libgcc.a(_aeabi_uldivmod.o)
                0x00000000080001ec                __aeabi_uldivmod
 .text          0x000000000800021c      0x2cc /Applications/STM32CubeIDE.app/Contents/Eclipse/plugins/com.st.stm32cube.ide.mcu.externaltools.gnu-tools-for-stm32.7-2018-q2-update.macos64_1.5.0.202011040924/tools/bin/../lib/gcc/arm-none-eabi/7.3.1/thumb/v7e-m/fpv4-sp/hard/libgcc.a(_udivmoddi4.o)
                0x000000000800021c                __udivmoddi4
 .text          0x00000000080004e8        0x4 /Applications/STM32CubeIDE.app/Contents/Eclipse/plugins/com.st.stm32cube.ide.mcu.externaltools.gnu-tools-for-stm32.7-2018-q2-update.macos64_1.5.0.202011040924/tools/bin/../lib/gcc/arm-none-eabi/7.3.1/thumb/v7e-m/fpv4-sp/hard/libgcc.a(_dvmd_tls.o)
                0x00000000080004e8                __aeabi_ldiv0
                0x00000000080004e8                __aeabi_idiv0
 *(.text*)
 .text.__NVIC_SetPriority
                0x00000000080004ec       0x54 Core/Src/SysTick.o
 .text.SysTick_Config
                0x0000000008000540       0x44 Core/Src/SysTick.o
 .text.SysTick_Init
                0x0000000008000584       0x48 Core/Src/SysTick.o
                0x0000000008000584                SysTick_Init
 .text.DMA2_Stream0_Init
                0x00000000080005cc       0xb4 Core/Src/dma.o
                0x00000000080005cc                DMA2_Stream0_Init
 .text.DMA2_Stream0_Set_Addresses
                0x0000000008000680       0x30 Core/Src/dma.o
                0x0000000008000680                DMA2_Stream0_Set_Addresses
 .text.main     0x00000000080006b0       0x54 Core/Src/main.o
                0x00000000080006b0                main
 .text.SystemClock_Config
                0x0000000008000704       0xd8 Core/Src/main.o
                0x0000000008000704                SystemClock_Config
 .text.Error_Handler
                0x00000000080007dc        0x8 Core/Src/main.o
                0x00000000080007dc                Error_Handler
 .text.__NVIC_SetPriorityGrouping
                0x00000000080007e4       0x48 Core/Src/nvic.o
 .text.__NVIC_EnableIRQ
                0x000000000800082c       0x3c Core/Src/nvic.o
 .text.__NVIC_SetPriority
                0x0000000008000868       0x54 Core/Src/nvic.o
 .text.NVIC_Init
                0x00000000080008bc       0x34 Core/Src/nvic.o
                0x00000000080008bc                NVIC_Init
 .text.NMI_Handler
                0x00000000080008f0        0x6 Core/Src/stm32f4xx_it.o
                0x00000000080008f0                NMI_Handler
 .text.HardFault_Handler
                0x00000000080008f6        0x6 Core/Src/stm32f4xx_it.o
                0x00000000080008f6                HardFault_Handler
 .text.MemManage_Handler
                0x00000000080008fc        0x6 Core/Src/stm32f4xx_it.o
                0x00000000080008fc                MemManage_Handler
 .text.BusFault_Handler
                0x0000000008000902        0x6 Core/Src/stm32f4xx_it.o
                0x0000000008000902                BusFault_Handler
 .text.UsageFault_Handler
                0x0000000008000908        0x6 Core/Src/stm32f4xx_it.o
                0x0000000008000908                UsageFault_Handler
 .text.SVC_Handler
                0x000000000800090e        0xe Core/Src/stm32f4xx_it.o
                0x000000000800090e                SVC_Handler
 .text.DebugMon_Handler
                0x000000000800091c        0xe Core/Src/stm32f4xx_it.o
                0x000000000800091c                DebugMon_Handler
 .text.PendSV_Handler
                0x000000000800092a        0xe Core/Src/stm32f4xx_it.o
                0x000000000800092a                PendSV_Handler
 .text.SysTick_Handler
                0x0000000008000938        0xc Core/Src/stm32f4xx_it.o
                0x0000000008000938                SysTick_Handler
 .text.SystemInit
                0x0000000008000944       0x2c Core/Src/system_stm32f4xx.o
                0x0000000008000944                SystemInit
 .text.SystemCoreClockUpdate
                0x0000000008000970       0xf4 Core/Src/system_stm32f4xx.o
                0x0000000008000970                SystemCoreClockUpdate
 .text.Reset_Handler
                0x0000000008000a64       0x50 Core/Startup/startup_stm32f429zitx.o
                0x0000000008000a64                Reset_Handler
 .text.Default_Handler
                0x0000000008000ab4        0x2 Core/Startup/startup_stm32f429zitx.o
                0x0000000008000ab4                DMA1_Stream3_IRQHandler
                0x0000000008000ab4                HASH_RNG_IRQHandler
                0x0000000008000ab4                EXTI2_IRQHandler
                0x0000000008000ab4                TIM8_CC_IRQHandler
                0x0000000008000ab4                UART8_IRQHandler
                0x0000000008000ab4                SPI4_IRQHandler
                0x0000000008000ab4                TIM1_CC_IRQHandler
                0x0000000008000ab4                DMA2_Stream5_IRQHandler
                0x0000000008000ab4                DMA1_Stream5_IRQHandler
                0x0000000008000ab4                PVD_IRQHandler
                0x0000000008000ab4                SDIO_IRQHandler
                0x0000000008000ab4                TAMP_STAMP_IRQHandler
                0x0000000008000ab4                CAN2_RX1_IRQHandler
                0x0000000008000ab4                EXTI3_IRQHandler
                0x0000000008000ab4                TIM8_TRG_COM_TIM14_IRQHandler
                0x0000000008000ab4                TIM1_UP_TIM10_IRQHandler
                0x0000000008000ab4                TIM8_UP_TIM13_IRQHandler
                0x0000000008000ab4                I2C3_ER_IRQHandler
                0x0000000008000ab4                EXTI0_IRQHandler
                0x0000000008000ab4                I2C2_EV_IRQHandler
                0x0000000008000ab4                DMA1_Stream2_IRQHandler
                0x0000000008000ab4                CAN1_RX0_IRQHandler
                0x0000000008000ab4                FPU_IRQHandler
                0x0000000008000ab4                OTG_HS_WKUP_IRQHandler
                0x0000000008000ab4                LTDC_ER_IRQHandler
                0x0000000008000ab4                CAN2_SCE_IRQHandler
                0x0000000008000ab4                DMA2_Stream2_IRQHandler
                0x0000000008000ab4                SPI1_IRQHandler
                0x0000000008000ab4                TIM6_DAC_IRQHandler
                0x0000000008000ab4                TIM1_BRK_TIM9_IRQHandler
                0x0000000008000ab4                DCMI_IRQHandler
                0x0000000008000ab4                CAN2_RX0_IRQHandler
                0x0000000008000ab4                DMA2_Stream3_IRQHandler
                0x0000000008000ab4                USART6_IRQHandler
                0x0000000008000ab4                USART3_IRQHandler
                0x0000000008000ab4                CAN1_RX1_IRQHandler
                0x0000000008000ab4                UART5_IRQHandler
                0x0000000008000ab4                DMA2_Stream0_IRQHandler
                0x0000000008000ab4                TIM4_IRQHandler
                0x0000000008000ab4                I2C1_EV_IRQHandler
                0x0000000008000ab4                DMA1_Stream6_IRQHandler
                0x0000000008000ab4                DMA1_Stream1_IRQHandler
                0x0000000008000ab4                UART4_IRQHandler
                0x0000000008000ab4                TIM3_IRQHandler
                0x0000000008000ab4                RCC_IRQHandler
                0x0000000008000ab4                TIM8_BRK_TIM12_IRQHandler
                0x0000000008000ab4                Default_Handler
                0x0000000008000ab4                EXTI15_10_IRQHandler
                0x0000000008000ab4                ADC_IRQHandler
                0x0000000008000ab4                DMA1_Stream7_IRQHandler
                0x0000000008000ab4                SPI5_IRQHandler
                0x0000000008000ab4                TIM7_IRQHandler
                0x0000000008000ab4                CAN2_TX_IRQHandler
                0x0000000008000ab4                TIM5_IRQHandler
                0x0000000008000ab4                DMA2_Stream7_IRQHandler
                0x0000000008000ab4                I2C3_EV_IRQHandler
                0x0000000008000ab4                EXTI9_5_IRQHandler
                0x0000000008000ab4                RTC_WKUP_IRQHandler
                0x0000000008000ab4                LTDC_IRQHandler
                0x0000000008000ab4                ETH_WKUP_IRQHandler
                0x0000000008000ab4                SPI2_IRQHandler
                0x0000000008000ab4                OTG_HS_EP1_IN_IRQHandler
                0x0000000008000ab4                DMA1_Stream0_IRQHandler
                0x0000000008000ab4                CAN1_TX_IRQHandler
                0x0000000008000ab4                EXTI4_IRQHandler
                0x0000000008000ab4                ETH_IRQHandler
                0x0000000008000ab4                OTG_HS_EP1_OUT_IRQHandler
                0x0000000008000ab4                WWDG_IRQHandler
                0x0000000008000ab4                SPI6_IRQHandler
                0x0000000008000ab4                TIM2_IRQHandler
                0x0000000008000ab4                OTG_FS_WKUP_IRQHandler
                0x0000000008000ab4                TIM1_TRG_COM_TIM11_IRQHandler
                0x0000000008000ab4                OTG_HS_IRQHandler
                0x0000000008000ab4                DMA2D_IRQHandler
                0x0000000008000ab4                EXTI1_IRQHandler
                0x0000000008000ab4                UART7_IRQHandler
                0x0000000008000ab4                USART2_IRQHandler
                0x0000000008000ab4                I2C2_ER_IRQHandler
                0x0000000008000ab4                DMA2_Stream1_IRQHandler
                0x0000000008000ab4                CAN1_SCE_IRQHandler
                0x0000000008000ab4                FLASH_IRQHandler
                0x0000000008000ab4                DMA2_Stream4_IRQHandler
                0x0000000008000ab4                USART1_IRQHandler
                0x0000000008000ab4                OTG_FS_IRQHandler
                0x0000000008000ab4                SPI3_IRQHandler
                0x0000000008000ab4                DMA1_Stream4_IRQHandler
                0x0000000008000ab4                I2C1_ER_IRQHandler
                0x0000000008000ab4                FMC_IRQHandler
                0x0000000008000ab4                DMA2_Stream6_IRQHandler
                0x0000000008000ab4                SAI1_IRQHandler
                0x0000000008000ab4                RTC_Alarm_IRQHandler
 *fill*         0x0000000008000ab6        0x2 
 .text.HAL_InitTick
                0x0000000008000ab8       0x60 Drivers/STM32F4xx_HAL_Driver/Src/stm32f4xx_hal.o
                0x0000000008000ab8                HAL_InitTick
 .text.HAL_IncTick
                0x0000000008000b18       0x28 Drivers/STM32F4xx_HAL_Driver/Src/stm32f4xx_hal.o
                0x0000000008000b18                HAL_IncTick
 .text.HAL_GetTick
                0x0000000008000b40       0x18 Drivers/STM32F4xx_HAL_Driver/Src/stm32f4xx_hal.o
                0x0000000008000b40                HAL_GetTick
 .text.__NVIC_GetPriorityGrouping
                0x0000000008000b58       0x1c Drivers/STM32F4xx_HAL_Driver/Src/stm32f4xx_hal_cortex.o
 .text.__NVIC_SetPriority
                0x0000000008000b74       0x54 Drivers/STM32F4xx_HAL_Driver/Src/stm32f4xx_hal_cortex.o
 .text.NVIC_EncodePriority
                0x0000000008000bc8       0x66 Drivers/STM32F4xx_HAL_Driver/Src/stm32f4xx_hal_cortex.o
 *fill*         0x0000000008000c2e        0x2 
 .text.SysTick_Config
                0x0000000008000c30       0x44 Drivers/STM32F4xx_HAL_Driver/Src/stm32f4xx_hal_cortex.o
 .text.HAL_NVIC_SetPriority
                0x0000000008000c74       0x38 Drivers/STM32F4xx_HAL_Driver/Src/stm32f4xx_hal_cortex.o
                0x0000000008000c74                HAL_NVIC_SetPriority
 .text.HAL_SYSTICK_Config
                0x0000000008000cac       0x18 Drivers/STM32F4xx_HAL_Driver/Src/stm32f4xx_hal_cortex.o
                0x0000000008000cac                HAL_SYSTICK_Config
 .text.HAL_RCC_OscConfig
                0x0000000008000cc4      0x4e0 Drivers/STM32F4xx_HAL_Driver/Src/stm32f4xx_hal_rcc.o
                0x0000000008000cc4                HAL_RCC_OscConfig
 .text.HAL_RCC_ClockConfig
                0x00000000080011a4      0x1cc Drivers/STM32F4xx_HAL_Driver/Src/stm32f4xx_hal_rcc.o
                0x00000000080011a4                HAL_RCC_ClockConfig
 .text.HAL_RCC_GetSysClockFreq
                0x0000000008001370      0x1b0 Drivers/STM32F4xx_HAL_Driver/Src/stm32f4xx_hal_rcc.o
                0x0000000008001370                HAL_RCC_GetSysClockFreq
 .text.__libc_init_array
                0x0000000008001520       0x48 /Applications/STM32CubeIDE.app/Contents/Eclipse/plugins/com.st.stm32cube.ide.mcu.externaltools.gnu-tools-for-stm32.7-2018-q2-update.macos64_1.5.0.202011040924/tools/bin/../lib/gcc/arm-none-eabi/7.3.1/../../../../arm-none-eabi/lib/thumb/v7e-m/fpv4-sp/hard/libc_nano.a(lib_a-init.o)
                0x0000000008001520                __libc_init_array
 .text.memset   0x0000000008001568       0x10 /Applications/STM32CubeIDE.app/Contents/Eclipse/plugins/com.st.stm32cube.ide.mcu.externaltools.gnu-tools-for-stm32.7-2018-q2-update.macos64_1.5.0.202011040924/tools/bin/../lib/gcc/arm-none-eabi/7.3.1/../../../../arm-none-eabi/lib/thumb/v7e-m/fpv4-sp/hard/libc_nano.a(lib_a-memset.o)
                0x0000000008001568                memset
 *(.glue_7)
 .glue_7        0x0000000008001578        0x0 linker stubs
 *(.glue_7t)
 .glue_7t       0x0000000008001578        0x0 linker stubs
 *(.eh_frame)
 .eh_frame      0x0000000008001578        0x0 /Applications/STM32CubeIDE.app/Contents/Eclipse/plugins/com.st.stm32cube.ide.mcu.externaltools.gnu-tools-for-stm32.7-2018-q2-update.macos64_1.5.0.202011040924/tools/bin/../lib/gcc/arm-none-eabi/7.3.1/thumb/v7e-m/fpv4-sp/hard/crtbegin.o
 *(.init)
 .init          0x0000000008001578        0x4 /Applications/STM32CubeIDE.app/Contents/Eclipse/plugins/com.st.stm32cube.ide.mcu.externaltools.gnu-tools-for-stm32.7-2018-q2-update.macos64_1.5.0.202011040924/tools/bin/../lib/gcc/arm-none-eabi/7.3.1/thumb/v7e-m/fpv4-sp/hard/crti.o
                0x0000000008001578                _init
 .init          0x000000000800157c        0x8 /Applications/STM32CubeIDE.app/Contents/Eclipse/plugins/com.st.stm32cube.ide.mcu.externaltools.gnu-tools-for-stm32.7-2018-q2-update.macos64_1.5.0.202011040924/tools/bin/../lib/gcc/arm-none-eabi/7.3.1/thumb/v7e-m/fpv4-sp/hard/crtn.o
 *(.fini)
 .fini          0x0000000008001584        0x4 /Applications/STM32CubeIDE.app/Contents/Eclipse/plugins/com.st.stm32cube.ide.mcu.externaltools.gnu-tools-for-stm32.7-2018-q2-update.macos64_1.5.0.202011040924/tools/bin/../lib/gcc/arm-none-eabi/7.3.1/thumb/v7e-m/fpv4-sp/hard/crti.o
                0x0000000008001584                _fini
 .fini          0x0000000008001588        0x8 /Applications/STM32CubeIDE.app/Contents/Eclipse/plugins/com.st.stm32cube.ide.mcu.externaltools.gnu-tools-for-stm32.7-2018-q2-update.macos64_1.5.0.202011040924/tools/bin/../lib/gcc/arm-none-eabi/7.3.1/thumb/v7e-m/fpv4-sp/hard/crtn.o
                0x0000000008001590                . = ALIGN (0x4)
                0x0000000008001590                _etext = .

.vfp11_veneer   0x0000000008001590        0x0
 .vfp11_veneer  0x0000000008001590        0x0 linker stubs

.v4_bx          0x0000000008001590        0x0
 .v4_bx         0x0000000008001590        0x0 linker stubs

.iplt           0x0000000008001590        0x0
 .iplt          0x0000000008001590        0x0 /Applications/STM32CubeIDE.app/Contents/Eclipse/plugins/com.st.stm32cube.ide.mcu.externaltools.gnu-tools-for-stm32.7-2018-q2-update.macos64_1.5.0.202011040924/tools/bin/../lib/gcc/arm-none-eabi/7.3.1/thumb/v7e-m/fpv4-sp/hard/crtbegin.o

.rodata         0x0000000008001590       0x10
                0x0000000008001590                . = ALIGN (0x4)
 *(.rodata)
 *(.rodata*)
 .rodata.AHBPrescTable
                0x0000000008001590       0x10 Core/Src/system_stm32f4xx.o
                0x0000000008001590                AHBPrescTable
                0x00000000080015a0                . = ALIGN (0x4)

.ARM.extab      0x00000000080015a0        0x0
                0x00000000080015a0                . = ALIGN (0x4)
 *(.ARM.extab* .gnu.linkonce.armextab.*)
                0x00000000080015a0                . = ALIGN (0x4)

.ARM            0x00000000080015a0        0x8
                0x00000000080015a0                . = ALIGN (0x4)
                0x00000000080015a0                __exidx_start = .
 *(.ARM.exidx*)
 .ARM.exidx     0x00000000080015a0        0x8 /Applications/STM32CubeIDE.app/Contents/Eclipse/plugins/com.st.stm32cube.ide.mcu.externaltools.gnu-tools-for-stm32.7-2018-q2-update.macos64_1.5.0.202011040924/tools/bin/../lib/gcc/arm-none-eabi/7.3.1/thumb/v7e-m/fpv4-sp/hard/libgcc.a(_udivmoddi4.o)
                0x00000000080015a8                __exidx_end = .
                0x00000000080015a8                . = ALIGN (0x4)

.rel.dyn        0x00000000080015a8        0x0
 .rel.iplt      0x00000000080015a8        0x0 /Applications/STM32CubeIDE.app/Contents/Eclipse/plugins/com.st.stm32cube.ide.mcu.externaltools.gnu-tools-for-stm32.7-2018-q2-update.macos64_1.5.0.202011040924/tools/bin/../lib/gcc/arm-none-eabi/7.3.1/thumb/v7e-m/fpv4-sp/hard/crtbegin.o

.preinit_array  0x00000000080015a8        0x0
                0x00000000080015a8                . = ALIGN (0x4)
                0x00000000080015a8                PROVIDE (__preinit_array_start = .)
 *(.preinit_array*)
                0x00000000080015a8                PROVIDE (__preinit_array_end = .)
                0x00000000080015a8                . = ALIGN (0x4)

.init_array     0x00000000080015a8        0x4
                0x00000000080015a8                . = ALIGN (0x4)
                0x00000000080015a8                PROVIDE (__init_array_start = .)
 *(SORT_BY_NAME(.init_array.*))
 *(.init_array*)
 .init_array    0x00000000080015a8        0x4 /Applications/STM32CubeIDE.app/Contents/Eclipse/plugins/com.st.stm32cube.ide.mcu.externaltools.gnu-tools-for-stm32.7-2018-q2-update.macos64_1.5.0.202011040924/tools/bin/../lib/gcc/arm-none-eabi/7.3.1/thumb/v7e-m/fpv4-sp/hard/crtbegin.o
                0x00000000080015ac                PROVIDE (__init_array_end = .)
                0x00000000080015ac                . = ALIGN (0x4)

.fini_array     0x00000000080015ac        0x4
                0x00000000080015ac                . = ALIGN (0x4)
                [!provide]                        PROVIDE (__fini_array_start = .)
 *(SORT_BY_NAME(.fini_array.*))
 *(.fini_array*)
 .fini_array    0x00000000080015ac        0x4 /Applications/STM32CubeIDE.app/Contents/Eclipse/plugins/com.st.stm32cube.ide.mcu.externaltools.gnu-tools-for-stm32.7-2018-q2-update.macos64_1.5.0.202011040924/tools/bin/../lib/gcc/arm-none-eabi/7.3.1/thumb/v7e-m/fpv4-sp/hard/crtbegin.o
                [!provide]                        PROVIDE (__fini_array_end = .)
                0x00000000080015b0                . = ALIGN (0x4)
                0x00000000080015b0                _sidata = LOADADDR (.data)

.data           0x0000000020000000        0xc load address 0x00000000080015b0
                0x0000000020000000                . = ALIGN (0x4)
                0x0000000020000000                _sdata = .
 *(.data)
 *(.data*)
 .data.SystemCoreClock
                0x0000000020000000        0x4 Core/Src/system_stm32f4xx.o
                0x0000000020000000                SystemCoreClock
 .data.uwTickPrio
                0x0000000020000004        0x4 Drivers/STM32F4xx_HAL_Driver/Src/stm32f4xx_hal.o
                0x0000000020000004                uwTickPrio
 .data.uwTickFreq
                0x0000000020000008        0x1 Drivers/STM32F4xx_HAL_Driver/Src/stm32f4xx_hal.o
                0x0000000020000008                uwTickFreq
 *(.RamFunc)
 *(.RamFunc*)
                0x000000002000000c                . = ALIGN (0x4)
 *fill*         0x0000000020000009        0x3 
                0x000000002000000c                _edata = .

.igot.plt       0x000000002000000c        0x0 load address 0x00000000080015bc
 .igot.plt      0x000000002000000c        0x0 /Applications/STM32CubeIDE.app/Contents/Eclipse/plugins/com.st.stm32cube.ide.mcu.externaltools.gnu-tools-for-stm32.7-2018-q2-update.macos64_1.5.0.202011040924/tools/bin/../lib/gcc/arm-none-eabi/7.3.1/thumb/v7e-m/fpv4-sp/hard/crtbegin.o
                0x000000002000000c                . = ALIGN (0x4)

.bss            0x000000002000000c      0xfc0 load address 0x00000000080015bc
                0x000000002000000c                _sbss = .
                0x000000002000000c                __bss_start__ = _sbss
 *(.bss)
 .bss           0x000000002000000c       0x1c /Applications/STM32CubeIDE.app/Contents/Eclipse/plugins/com.st.stm32cube.ide.mcu.externaltools.gnu-tools-for-stm32.7-2018-q2-update.macos64_1.5.0.202011040924/tools/bin/../lib/gcc/arm-none-eabi/7.3.1/thumb/v7e-m/fpv4-sp/hard/crtbegin.o
 *(.bss*)
 .bss.srcBuffer
                0x0000000020000028      0x7d0 Core/Src/main.o
 .bss.dstBuffer
                0x00000000200007f8      0x7d0 Core/Src/main.o
 *(COMMON)
 COMMON         0x0000000020000fc8        0x4 Drivers/STM32F4xx_HAL_Driver/Src/stm32f4xx_hal.o
                0x0000000020000fc8                uwTick
                0x0000000020000fcc                . = ALIGN (0x4)
                0x0000000020000fcc                _ebss = .
                0x0000000020000fcc                __bss_end__ = _ebss

._user_heap_stack
                0x0000000020000fcc      0x604 load address 0x00000000080015bc
                0x0000000020000fd0                . = ALIGN (0x8)
 *fill*         0x0000000020000fcc        0x4 
                [!provide]                        PROVIDE (end = .)
                0x0000000020000fd0                PROVIDE (_end = .)
                0x00000000200011d0                . = (. + _Min_Heap_Size)
 *fill*         0x0000000020000fd0      0x200 
                0x00000000200015d0                . = (. + _Min_Stack_Size)
 *fill*         0x00000000200011d0      0x400 
                0x00000000200015d0                . = ALIGN (0x8)

/DISCARD/
 libc.a(*)
 libm.a(*)
 libgcc.a(*)

.ARM.attributes
                0x0000000000000000       0x30
 *(.ARM.attributes)
 .ARM.attributes
                0x0000000000000000       0x22 /Applications/STM32CubeIDE.app/Contents/Eclipse/plugins/com.st.stm32cube.ide.mcu.externaltools.gnu-tools-for-stm32.7-2018-q2-update.macos64_1.5.0.202011040924/tools/bin/../lib/gcc/arm-none-eabi/7.3.1/thumb/v7e-m/fpv4-sp/hard/crti.o
 .ARM.attributes
                0x0000000000000022       0x34 /Applications/STM32CubeIDE.app/Contents/Eclipse/plugins/com.st.stm32cube.ide.mcu.externaltools.gnu-tools-for-stm32.7-2018-q2-update.macos64_1.5.0.202011040924/tools/bin/../lib/gcc/arm-none-eabi/7.3.1/thumb/v7e-m/fpv4-sp/hard/crtbegin.o
 .ARM.attributes
                0x0000000000000056       0x39 Core/Src/SysTick.o
 .ARM.attributes
                0x000000000000008f       0x39 Core/Src/dma.o
 .ARM.attributes
                0x00000000000000c8       0x39 Core/Src/main.o
 .ARM.attributes
                0x0000000000000101       0x39 Core/Src/nvic.o
 .ARM.attributes
                0x000000000000013a       0x39 Core/Src/stm32f4xx_it.o
 .ARM.attributes
                0x0000000000000173       0x39 Core/Src/system_stm32f4xx.o
 .ARM.attributes
                0x00000000000001ac       0x21 Core/Startup/startup_stm32f429zitx.o
 .ARM.attributes
                0x00000000000001cd       0x39 Drivers/STM32F4xx_HAL_Driver/Src/stm32f4xx_hal.o
 .ARM.attributes
                0x0000000000000206       0x39 Drivers/STM32F4xx_HAL_Driver/Src/stm32f4xx_hal_cortex.o
 .ARM.attributes
                0x000000000000023f       0x39 Drivers/STM32F4xx_HAL_Driver/Src/stm32f4xx_hal_rcc.o
 .ARM.attributes
                0x0000000000000278       0x34 /Applications/STM32CubeIDE.app/Contents/Eclipse/plugins/com.st.stm32cube.ide.mcu.externaltools.gnu-tools-for-stm32.7-2018-q2-update.macos64_1.5.0.202011040924/tools/bin/../lib/gcc/arm-none-eabi/7.3.1/../../../../arm-none-eabi/lib/thumb/v7e-m/fpv4-sp/hard/libc_nano.a(lib_a-init.o)
 .ARM.attributes
                0x00000000000002ac       0x34 /Applications/STM32CubeIDE.app/Contents/Eclipse/plugins/com.st.stm32cube.ide.mcu.externaltools.gnu-tools-for-stm32.7-2018-q2-update.macos64_1.5.0.202011040924/tools/bin/../lib/gcc/arm-none-eabi/7.3.1/../../../../arm-none-eabi/lib/thumb/v7e-m/fpv4-sp/hard/libc_nano.a(lib_a-memset.o)
 .ARM.attributes
                0x00000000000002e0       0x22 /Applications/STM32CubeIDE.app/Contents/Eclipse/plugins/com.st.stm32cube.ide.mcu.externaltools.gnu-tools-for-stm32.7-2018-q2-update.macos64_1.5.0.202011040924/tools/bin/../lib/gcc/arm-none-eabi/7.3.1/thumb/v7e-m/fpv4-sp/hard/libgcc.a(_aeabi_uldivmod.o)
 .ARM.attributes
                0x0000000000000302       0x34 /Applications/STM32CubeIDE.app/Contents/Eclipse/plugins/com.st.stm32cube.ide.mcu.externaltools.gnu-tools-for-stm32.7-2018-q2-update.macos64_1.5.0.202011040924/tools/bin/../lib/gcc/arm-none-eabi/7.3.1/thumb/v7e-m/fpv4-sp/hard/libgcc.a(_udivmoddi4.o)
 .ARM.attributes
                0x0000000000000336       0x22 /Applications/STM32CubeIDE.app/Contents/Eclipse/plugins/com.st.stm32cube.ide.mcu.externaltools.gnu-tools-for-stm32.7-2018-q2-update.macos64_1.5.0.202011040924/tools/bin/../lib/gcc/arm-none-eabi/7.3.1/thumb/v7e-m/fpv4-sp/hard/libgcc.a(_dvmd_tls.o)
 .ARM.attributes
                0x0000000000000358       0x22 /Applications/STM32CubeIDE.app/Contents/Eclipse/plugins/com.st.stm32cube.ide.mcu.externaltools.gnu-tools-for-stm32.7-2018-q2-update.macos64_1.5.0.202011040924/tools/bin/../lib/gcc/arm-none-eabi/7.3.1/thumb/v7e-m/fpv4-sp/hard/crtn.o
OUTPUT(DMA_Demo.elf elf32-littlearm)

.debug_info     0x0000000000000000     0x41f2
 .debug_info    0x0000000000000000      0x7cf Core/Src/SysTick.o
 .debug_info    0x00000000000007cf      0x456 Core/Src/dma.o
 .debug_info    0x0000000000000c25      0x5b5 Core/Src/main.o
 .debug_info    0x00000000000011da      0x749 Core/Src/nvic.o
 .debug_info    0x0000000000001923      0x20a Core/Src/stm32f4xx_it.o
 .debug_info    0x0000000000001b2d      0x56e Core/Src/system_stm32f4xx.o
 .debug_info    0x000000000000209b       0x22 Core/Startup/startup_stm32f429zitx.o
 .debug_info    0x00000000000020bd      0x9b9 Drivers/STM32F4xx_HAL_Driver/Src/stm32f4xx_hal.o
 .debug_info    0x0000000000002a76      0xe5e Drivers/STM32F4xx_HAL_Driver/Src/stm32f4xx_hal_cortex.o
 .debug_info    0x00000000000038d4      0x91e Drivers/STM32F4xx_HAL_Driver/Src/stm32f4xx_hal_rcc.o

.debug_abbrev   0x0000000000000000      0xf1e
 .debug_abbrev  0x0000000000000000      0x1df Core/Src/SysTick.o
 .debug_abbrev  0x00000000000001df      0x125 Core/Src/dma.o
 .debug_abbrev  0x0000000000000304      0x1a2 Core/Src/main.o
 .debug_abbrev  0x00000000000004a6      0x16f Core/Src/nvic.o
 .debug_abbrev  0x0000000000000615       0xc6 Core/Src/stm32f4xx_it.o
 .debug_abbrev  0x00000000000006db      0x12b Core/Src/system_stm32f4xx.o
 .debug_abbrev  0x0000000000000806       0x12 Core/Startup/startup_stm32f429zitx.o
 .debug_abbrev  0x0000000000000818      0x1c7 Drivers/STM32F4xx_HAL_Driver/Src/stm32f4xx_hal.o
 .debug_abbrev  0x00000000000009df      0x2fa Drivers/STM32F4xx_HAL_Driver/Src/stm32f4xx_hal_cortex.o
 .debug_abbrev  0x0000000000000cd9      0x245 Drivers/STM32F4xx_HAL_Driver/Src/stm32f4xx_hal_rcc.o

.debug_aranges  0x0000000000000000      0x430
 .debug_aranges
                0x0000000000000000       0x48 Core/Src/SysTick.o
 .debug_aranges
                0x0000000000000048       0x30 Core/Src/dma.o
 .debug_aranges
                0x0000000000000078       0x30 Core/Src/main.o
 .debug_aranges
                0x00000000000000a8       0x38 Core/Src/nvic.o
 .debug_aranges
                0x00000000000000e0       0x60 Core/Src/stm32f4xx_it.o
 .debug_aranges
                0x0000000000000140       0x28 Core/Src/system_stm32f4xx.o
 .debug_aranges
                0x0000000000000168       0x28 Core/Startup/startup_stm32f429zitx.o
 .debug_aranges
                0x0000000000000190      0x100 Drivers/STM32F4xx_HAL_Driver/Src/stm32f4xx_hal.o
 .debug_aranges
                0x0000000000000290      0x118 Drivers/STM32F4xx_HAL_Driver/Src/stm32f4xx_hal_cortex.o
 .debug_aranges
                0x00000000000003a8       0x88 Drivers/STM32F4xx_HAL_Driver/Src/stm32f4xx_hal_rcc.o

.debug_ranges   0x0000000000000000      0x398
 .debug_ranges  0x0000000000000000       0x38 Core/Src/SysTick.o
 .debug_ranges  0x0000000000000038       0x20 Core/Src/dma.o
 .debug_ranges  0x0000000000000058       0x20 Core/Src/main.o
 .debug_ranges  0x0000000000000078       0x28 Core/Src/nvic.o
 .debug_ranges  0x00000000000000a0       0x50 Core/Src/stm32f4xx_it.o
 .debug_ranges  0x00000000000000f0       0x18 Core/Src/system_stm32f4xx.o
 .debug_ranges  0x0000000000000108       0x20 Core/Startup/startup_stm32f429zitx.o
 .debug_ranges  0x0000000000000128       0xf0 Drivers/STM32F4xx_HAL_Driver/Src/stm32f4xx_hal.o
 .debug_ranges  0x0000000000000218      0x108 Drivers/STM32F4xx_HAL_Driver/Src/stm32f4xx_hal_cortex.o
 .debug_ranges  0x0000000000000320       0x78 Drivers/STM32F4xx_HAL_Driver/Src/stm32f4xx_hal_rcc.o

.debug_macro    0x0000000000000000    0x21a16
 .debug_macro   0x0000000000000000      0x1ba Core/Src/SysTick.o
 .debug_macro   0x00000000000001ba      0xa5a Core/Src/SysTick.o
 .debug_macro   0x0000000000000c14       0x2e Core/Src/SysTick.o
 .debug_macro   0x0000000000000c42       0x28 Core/Src/SysTick.o
 .debug_macro   0x0000000000000c6a       0x22 Core/Src/SysTick.o
 .debug_macro   0x0000000000000c8c       0x8e Core/Src/SysTick.o
 .debug_macro   0x0000000000000d1a       0x51 Core/Src/SysTick.o
 .debug_macro   0x0000000000000d6b       0xef Core/Src/SysTick.o
 .debug_macro   0x0000000000000e5a       0x6a Core/Src/SysTick.o
 .debug_macro   0x0000000000000ec4      0x1df Core/Src/SysTick.o
 .debug_macro   0x00000000000010a3       0x1c Core/Src/SysTick.o
 .debug_macro   0x00000000000010bf       0x22 Core/Src/SysTick.o
 .debug_macro   0x00000000000010e1       0xdf Core/Src/SysTick.o
 .debug_macro   0x00000000000011c0     0x102d Core/Src/SysTick.o
 .debug_macro   0x00000000000021ed      0x11f Core/Src/SysTick.o
 .debug_macro   0x000000000000230c    0x17f69 Core/Src/SysTick.o
 .debug_macro   0x000000000001a275       0x43 Core/Src/SysTick.o
 .debug_macro   0x000000000001a2b8      0x288 Core/Src/SysTick.o
 .debug_macro   0x000000000001a540     0x36c9 Core/Src/SysTick.o
 .debug_macro   0x000000000001dc09      0x174 Core/Src/SysTick.o
 .debug_macro   0x000000000001dd7d       0x5a Core/Src/SysTick.o
 .debug_macro   0x000000000001ddd7      0xca5 Core/Src/SysTick.o
 .debug_macro   0x000000000001ea7c      0x9fe Core/Src/SysTick.o
 .debug_macro   0x000000000001f47a      0x117 Core/Src/SysTick.o
 .debug_macro   0x000000000001f591      0x157 Core/Src/SysTick.o
 .debug_macro   0x000000000001f6e8       0x27 Core/Src/SysTick.o
 .debug_macro   0x000000000001f70f      0x182 Core/Src/SysTick.o
 .debug_macro   0x000000000001f891      0x287 Core/Src/SysTick.o
 .debug_macro   0x000000000001fb18       0x5f Core/Src/SysTick.o
 .debug_macro   0x000000000001fb77      0x236 Core/Src/SysTick.o
 .debug_macro   0x000000000001fdad      0x132 Core/Src/SysTick.o
 .debug_macro   0x000000000001fedf      0x41d Core/Src/SysTick.o
 .debug_macro   0x00000000000202fc       0x2e Core/Src/SysTick.o
 .debug_macro   0x000000000002032a      0x11a Core/Src/SysTick.o
 .debug_macro   0x0000000000020444       0xe2 Core/Src/SysTick.o
 .debug_macro   0x0000000000020526       0x89 Core/Src/SysTick.o
 .debug_macro   0x00000000000205af      0x134 Core/Src/SysTick.o
 .debug_macro   0x00000000000206e3      0x1ba Core/Src/dma.o
 .debug_macro   0x000000000002089d      0x1e3 Core/Src/main.o
 .debug_macro   0x0000000000020a80      0x4c9 Core/Src/main.o
 .debug_macro   0x0000000000020f49      0x1ba Core/Src/nvic.o
 .debug_macro   0x0000000000021103      0x1c9 Core/Src/stm32f4xx_it.o
 .debug_macro   0x00000000000212cc      0x1b6 Core/Src/system_stm32f4xx.o
 .debug_macro   0x0000000000021482      0x210 Drivers/STM32F4xx_HAL_Driver/Src/stm32f4xx_hal.o
 .debug_macro   0x0000000000021692      0x1b0 Drivers/STM32F4xx_HAL_Driver/Src/stm32f4xx_hal_cortex.o
 .debug_macro   0x0000000000021842      0x1d4 Drivers/STM32F4xx_HAL_Driver/Src/stm32f4xx_hal_rcc.o

.debug_line     0x0000000000000000     0x463e
 .debug_line    0x0000000000000000      0x724 Core/Src/SysTick.o
 .debug_line    0x0000000000000724      0x6d4 Core/Src/dma.o
 .debug_line    0x0000000000000df8      0x726 Core/Src/main.o
 .debug_line    0x000000000000151e      0x6e1 Core/Src/nvic.o
 .debug_line    0x0000000000001bff      0x750 Core/Src/stm32f4xx_it.o
 .debug_line    0x000000000000234f      0x6c3 Core/Src/system_stm32f4xx.o
 .debug_line    0x0000000000002a12       0x85 Core/Startup/startup_stm32f429zitx.o
 .debug_line    0x0000000000002a97      0x8d1 Drivers/STM32F4xx_HAL_Driver/Src/stm32f4xx_hal.o
 .debug_line    0x0000000000003368      0x9d1 Drivers/STM32F4xx_HAL_Driver/Src/stm32f4xx_hal_cortex.o
 .debug_line    0x0000000000003d39      0x905 Drivers/STM32F4xx_HAL_Driver/Src/stm32f4xx_hal_rcc.o

.debug_str      0x0000000000000000    0xcb372
 .debug_str     0x0000000000000000    0xc9375 Core/Src/SysTick.o
                                      0xc9615 (size before relaxing)
 .debug_str     0x00000000000c9375      0x182 Core/Src/dma.o
                                      0xc90c3 (size before relaxing)
 .debug_str     0x00000000000c94f7     0x111b Core/Src/main.o
                                      0xca159 (size before relaxing)
 .debug_str     0x00000000000ca612       0x46 Core/Src/nvic.o
                                      0xc95bf (size before relaxing)
 .debug_str     0x00000000000ca658       0xbd Core/Src/stm32f4xx_it.o
                                      0xc9f0c (size before relaxing)
 .debug_str     0x00000000000ca715       0x70 Core/Src/system_stm32f4xx.o
                                      0xc90dd (size before relaxing)
 .debug_str     0x00000000000ca785       0x36 Core/Startup/startup_stm32f429zitx.o
                                         0x73 (size before relaxing)
 .debug_str     0x00000000000ca7bb      0x5c3 Drivers/STM32F4xx_HAL_Driver/Src/stm32f4xx_hal.o
                                      0xc9c49 (size before relaxing)
 .debug_str     0x00000000000cad7e      0x328 Drivers/STM32F4xx_HAL_Driver/Src/stm32f4xx_hal_cortex.o
                                      0xc99ea (size before relaxing)
 .debug_str     0x00000000000cb0a6      0x2cc Drivers/STM32F4xx_HAL_Driver/Src/stm32f4xx_hal_rcc.o
                                      0xc94ca (size before relaxing)

.comment        0x0000000000000000       0x7b
 .comment       0x0000000000000000       0x7b Core/Src/SysTick.o
                                         0x7c (size before relaxing)
 .comment       0x000000000000007b       0x7c Core/Src/dma.o
 .comment       0x000000000000007b       0x7c Core/Src/main.o
 .comment       0x000000000000007b       0x7c Core/Src/nvic.o
 .comment       0x000000000000007b       0x7c Core/Src/stm32f4xx_it.o
 .comment       0x000000000000007b       0x7c Core/Src/system_stm32f4xx.o
 .comment       0x000000000000007b       0x7c Drivers/STM32F4xx_HAL_Driver/Src/stm32f4xx_hal.o
 .comment       0x000000000000007b       0x7c Drivers/STM32F4xx_HAL_Driver/Src/stm32f4xx_hal_cortex.o
 .comment       0x000000000000007b       0x7c Drivers/STM32F4xx_HAL_Driver/Src/stm32f4xx_hal_rcc.o

.debug_frame    0x0000000000000000      0xeb4
 .debug_frame   0x0000000000000000       0xe8 Core/Src/SysTick.o
 .debug_frame   0x00000000000000e8       0x78 Core/Src/dma.o
 .debug_frame   0x0000000000000160       0x6c Core/Src/main.o
 .debug_frame   0x00000000000001cc       0xa4 Core/Src/nvic.o
 .debug_frame   0x0000000000000270      0x104 Core/Src/stm32f4xx_it.o
 .debug_frame   0x0000000000000374       0x58 Core/Src/system_stm32f4xx.o
 .debug_frame   0x00000000000003cc      0x3b4 Drivers/STM32F4xx_HAL_Driver/Src/stm32f4xx_hal.o
 .debug_frame   0x0000000000000780      0x498 Drivers/STM32F4xx_HAL_Driver/Src/stm32f4xx_hal_cortex.o
 .debug_frame   0x0000000000000c18      0x1f0 Drivers/STM32F4xx_HAL_Driver/Src/stm32f4xx_hal_rcc.o
 .debug_frame   0x0000000000000e08       0x2c /Applications/STM32CubeIDE.app/Contents/Eclipse/plugins/com.st.stm32cube.ide.mcu.externaltools.gnu-tools-for-stm32.7-2018-q2-update.macos64_1.5.0.202011040924/tools/bin/../lib/gcc/arm-none-eabi/7.3.1/../../../../arm-none-eabi/lib/thumb/v7e-m/fpv4-sp/hard/libc_nano.a(lib_a-init.o)
 .debug_frame   0x0000000000000e34       0x20 /Applications/STM32CubeIDE.app/Contents/Eclipse/plugins/com.st.stm32cube.ide.mcu.externaltools.gnu-tools-for-stm32.7-2018-q2-update.macos64_1.5.0.202011040924/tools/bin/../lib/gcc/arm-none-eabi/7.3.1/../../../../arm-none-eabi/lib/thumb/v7e-m/fpv4-sp/hard/libc_nano.a(lib_a-memset.o)
 .debug_frame   0x0000000000000e54       0x2c /Applications/STM32CubeIDE.app/Contents/Eclipse/plugins/com.st.stm32cube.ide.mcu.externaltools.gnu-tools-for-stm32.7-2018-q2-update.macos64_1.5.0.202011040924/tools/bin/../lib/gcc/arm-none-eabi/7.3.1/thumb/v7e-m/fpv4-sp/hard/libgcc.a(_aeabi_uldivmod.o)
 .debug_frame   0x0000000000000e80       0x34 /Applications/STM32CubeIDE.app/Contents/Eclipse/plugins/com.st.stm32cube.ide.mcu.externaltools.gnu-tools-for-stm32.7-2018-q2-update.macos64_1.5.0.202011040924/tools/bin/../lib/gcc/arm-none-eabi/7.3.1/thumb/v7e-m/fpv4-sp/hard/libgcc.a(_udivmoddi4.o)
